// Jest Snapshot v1, https://goo.gl/fbAQLP

exports[`CardDeck should match snapshot 1`] = `
ShallowWrapper {
  "length": 1,
  Symbol(enzyme.__root__): [Circular],
  Symbol(enzyme.__unrendered__): <CardDeck
    addPokemon={[MockFunction]}
    pokemon={
      Array [
        Object {
          "id": "1",
          "name": "normal",
          "pokemon": Array [
            "16",
            "17",
            "18",
            "19",
            "20",
          ],
        },
      ]
    }
    toggleSelected={[MockFunction]}
    updatePokemon={[MockFunction]}
  />,
  Symbol(enzyme.__renderer__): Object {
    "batchedUpdates": [Function],
    "getNode": [Function],
    "render": [Function],
    "simulateEvent": [Function],
    "unmount": [Function],
  },
  Symbol(enzyme.__node__): Object {
    "instance": null,
    "key": undefined,
    "nodeType": "host",
    "props": Object {
      "children": <img
        alt="pikachu loading gif"
        src="loading.gif"
      />,
      "className": "gif",
    },
    "ref": null,
    "rendered": Object {
      "instance": null,
      "key": undefined,
      "nodeType": "host",
      "props": Object {
        "alt": "pikachu loading gif",
        "src": "loading.gif",
      },
      "ref": null,
      "rendered": null,
      "type": "img",
    },
    "type": "div",
  },
  Symbol(enzyme.__nodes__): Array [
    Object {
      "instance": null,
      "key": undefined,
      "nodeType": "host",
      "props": Object {
        "children": <img
          alt="pikachu loading gif"
          src="loading.gif"
        />,
        "className": "gif",
      },
      "ref": null,
      "rendered": Object {
        "instance": null,
        "key": undefined,
        "nodeType": "host",
        "props": Object {
          "alt": "pikachu loading gif",
          "src": "loading.gif",
        },
        "ref": null,
        "rendered": null,
        "type": "img",
      },
      "type": "div",
    },
  ],
  Symbol(enzyme.__options__): Object {
    "adapter": ReactSixteenAdapter {
      "options": Object {
        "enableComponentDidUpdateOnSetState": true,
      },
    },
  },
}
`;
